Microchip MPLAB XC8 Compiler V2.36

Linker command line:

--edf=C:\Program Files\Microchip\xc8\v2.36\pic\dat\en_msgs.txt -cn \
  -h+dist/default/production\SensirionSHT4X.X.production.sym \
  --cmf=dist/default/production\SensirionSHT4X.X.production.cmf -z \
  -Q18F44K22 -oC:\Users\JimSe\AppData\Local\Temp\xcAs8o.4 \
  --defsym=__MPLAB_BUILD=1 \
  -Mdist/default/production/SensirionSHT4X.X.production.map \
  --md=C:\Users\JimSe\AppData\Local\Temp\xcAs8o.dat -E1 -ver=XC8 Compiler \
  --acfsm=1493 -ACODE=00h-03FFFh -ACONST=00h-03FFFh \
  -ASMALLCONST=0300h-03FFhx61 -AMEDIUMCONST=0300h-03FFFh -ACOMRAM=01h-05Fh \
  -AABS1=00h-02FFh -ABIGRAM=01h-02FFh -ARAM=060h-0FFh,0100h-01FFhx2 \
  -ABANK0=060h-0FFh -ABANK1=0100h-01FFh -ABANK2=0200h-02FFh \
  -ASFR=0F38h-0F5Fh,0F60h-0FFFh -ABIGSFR=0F38h-0FFFh \
  -ACONFIG=0300000h-030000Dh -AIDLOC=0200000h-0200007h \
  -AEEDATA=0F00000h-0F000FFh -peeprom_data=EEDATA \
  -preset_vec=00h,intcode=08h,intcodelo,powerup,init -pramtop=0300h \
  -psmallconst=SMALLCONST -pmediumconst=MEDIUMCONST -pconst=CONST \
  -AFARRAM=00h-00h \
  -prdata=COMRAM,nvrram=COMRAM,nvbit=COMRAM,rbss=COMRAM,rbit=COMRAM \
  -pfarbss=FARRAM,fardata=FARRAM,nvFARRAM=FARRAM \
  -pintsave_regs=BIGRAM,bigbss=BIGRAM,bigdata=BIGRAM -pbss=RAM \
  -pidata=CODE,irdata=CODE,ibigdata=CODE,ifardata=CODE -prparam=COMRAM \
  C:\Users\JimSe\AppData\Local\Temp\xcAs8o.o \
  dist/default/production\SensirionSHT4X.X.production.o 

Object code version is 3.11

Machine type is 18F44K22



                Name                               Link     Load   Length Selector   Space Scale
C:\Users\JimSe\AppData\Local\Temp\xcAs8o.o
                idloc                            200000   200000        8        0       5
                config                           300000   300000        E        0       4
                init                                 B4       B4        4        4       0
                reset_vec                             0        0        4        0       0
dist/default/production\SensirionSHT4X.X.production.o
                intcode                               8        8       AC        4       0
                idloc                            200000   200000        8        0       5
                config                           300000   300000        E        0       4
                temp                                 5C       5C        1        1       1
                mediumconst                        3EBC     3EBC      144     1F5E       0
                text67                             184E     184E      30C        4       0
                text66                             1B5A     1B5A      288        4       0
                text65                             1522     1522      32C        4       0
                text64                             3464     3464       7E        4       0
                text63                             3C8E     3C8E        C        4       0
                text62                             3C74     3C74        E        4       0
                text61                             3C50     3C50       14        4       0
                text60                             3CA4     3CA4        A        4       0
                text59                             3C9A     3C9A        A        4       0
                text58                             3A06     3A06       34        4       0
                text57                             32C6     32C6       90        4       0
                text56                             3B78     3B78       26        4       0
                text55                             369A     369A       5E        4       0
                text54                             2646     2646      140        4       0
                text53                             39D2     39D2       34        4       0
                text52                             3B52     3B52       26        4       0
                text51                             3A9C     3A9C       30        4       0
                text50                             3922     3922       3E        4       0
                text49                             28AA     28AA      118        4       0
                text48                             3C82     3C82        C        4       0
                text47                             35C8     35C8       6C        4       0
                text46                             3100     3100       9A        4       0
                text45                             24FE     24FE      148        4       0
                text44                             2786     2786      124        4       0
                text43                             3A3A     3A3A       32        4       0
                text42                             399A     399A       38        4       0
                text41                             3B28     3B28       2A        4       0
                text40                             3230     3230       96        4       0
                text39                             1DE2     1DE2      242        4       0
                text38                             33E0     33E0       84        4       0
                text37                             3558     3558       70        4       0
                text36                             3356     3356       8A        4       0
                text35                             2C86     2C86       D0        4       0
                text34                             3AFA     3AFA       2E        4       0
                text33                             38DC     38DC       46        4       0
                text32                             2EF0     2EF0       BA        4       0
                text31                             2E24     2E24       CC        4       0
                text30                             21D2     21D2      1A8        4       0
                text29                             37AA     37AA       52        4       0
                text28                             3A6C     3A6C       30        4       0
                text27                             3960     3960       3A        4       0
                text26                               B8       B8      A26        4       0
                text25                             2BA0     2BA0       E6        4       0
                text24                             2D56     2D56       CE        4       0
                text23                             2FAA     2FAA       AE        4       0
                text22                             2024     2024      1AE        4       0
                text21                              ADE      ADE      704        4       0
                text20                             37FC     37FC       4C        4       0
                text19                             3BBC     3BBC       1E        4       0
                text18                             34E2     34E2       76        4       0
                text17                             3BF6     3BF6       18        4       0
                text16                             3BDA     3BDA       1C        4       0
                text15                             3754     3754       56        4       0
                text14                             3892     3892       4A        4       0
                text13                             3B9E     3B9E       1E        4       0
                text12                             3C64     3C64       10        4       0
                text11                             3C3A     3C3A       16        4       0
                text10                             36F8     36F8       5C        4       0
                text9                              3C24     3C24       16        4       0
                text8                              2AB6     2AB6       EA        4       0
                text7                              319A     319A       96        4       0
                text6                              29C2     29C2       F4        4       0
                text5                              237A     237A      184        4       0
                text4                              3ACC     3ACC       2E        4       0
                text3                              3C0E     3C0E       16        4       0
                text2                              3058     3058       A8        4       0
                text1                              3634     3634       66        4       0
                text0                              11E2     11E2      340        4       0
                cstackCOMRAM                          1        1       58        1       1
                cstackBANK0                          60       60       94       60       1
                cstackBANK1                         168      168       20      100       1
                bssBANK1                            100      100       68      100       1
                dataBANK0                            FC       FC        3       60       1
                bssBANK0                             F4       F4        8       60       1
                bssCOMRAM                            59       59        3        1       1
                cinit                              3848     3848       4A        4       0
                idataBANK0                         3CAE     3CAE        3        4       0

TOTAL           Name                               Link     Load   Length     Space
        CLASS   CODE           
                intcode                               8        8       AC         0
                init                                 B4       B4        4         0
                reset_vec                             0        0        4         0
                text67                             184E     184E      30C         0
                text66                             1B5A     1B5A      288         0
                text65                             1522     1522      32C         0
                text64                             3464     3464       7E         0
                text63                             3C8E     3C8E        C         0
                text62                             3C74     3C74        E         0
                text61                             3C50     3C50       14         0
                text60                             3CA4     3CA4        A         0
                text59                             3C9A     3C9A        A         0
                text58                             3A06     3A06       34         0
                text57                             32C6     32C6       90         0
                text56                             3B78     3B78       26         0
                text55                             369A     369A       5E         0
                text54                             2646     2646      140         0
                text53                             39D2     39D2       34         0
                text52                             3B52     3B52       26         0
                text51                             3A9C     3A9C       30         0
                text50                             3922     3922       3E         0
                text49                             28AA     28AA      118         0
                text48                             3C82     3C82        C         0
                text47                             35C8     35C8       6C         0
                text46                             3100     3100       9A         0
                text45                             24FE     24FE      148         0
                text44                             2786     2786      124         0
                text43                             3A3A     3A3A       32         0
                text42                             399A     399A       38         0
                text41                             3B28     3B28       2A         0
                text40                             3230     3230       96         0
                text39                             1DE2     1DE2      242         0
                text38                             33E0     33E0       84         0
                text37                             3558     3558       70         0
                text36                             3356     3356       8A         0
                text35                             2C86     2C86       D0         0
                text34                             3AFA     3AFA       2E         0
                text33                             38DC     38DC       46         0
                text32                             2EF0     2EF0       BA         0
                text31                             2E24     2E24       CC         0
                text30                             21D2     21D2      1A8         0
                text29                             37AA     37AA       52         0
                text28                             3A6C     3A6C       30         0
                text27                             3960     3960       3A         0
                text26                               B8       B8      A26         0
                text25                             2BA0     2BA0       E6         0
                text24                             2D56     2D56       CE         0
                text23                             2FAA     2FAA       AE         0
                text22                             2024     2024      1AE         0
                text21                              ADE      ADE      704         0
                text20                             37FC     37FC       4C         0
                text19                             3BBC     3BBC       1E         0
                text18                             34E2     34E2       76         0
                text17                             3BF6     3BF6       18         0
                text16                             3BDA     3BDA       1C         0
                text15                             3754     3754       56         0
                text14                             3892     3892       4A         0
                text13                             3B9E     3B9E       1E         0
                text12                             3C64     3C64       10         0
                text11                             3C3A     3C3A       16         0
                text10                             36F8     36F8       5C         0
                text9                              3C24     3C24       16         0
                text8                              2AB6     2AB6       EA         0
                text7                              319A     319A       96         0
                text6                              29C2     29C2       F4         0
                text5                              237A     237A      184         0
                text4                              3ACC     3ACC       2E         0
                text3                              3C0E     3C0E       16         0
                text2                              3058     3058       A8         0
                text1                              3634     3634       66         0
                text0                              11E2     11E2      340         0
                cinit                              3848     3848       4A         0
                idataBANK0                         3CAE     3CAE        3         0

        CLASS   CONST          

        CLASS   SMALLCONST     

        CLASS   MEDIUMCONST    
                mediumconst                        3EBC     3EBC      144         0

        CLASS   COMRAM         
                temp                                 5C       5C        1         1
                cstackCOMRAM                          1        1       58         1
                bssCOMRAM                            59       59        3         1

        CLASS   ABS1           

        CLASS   BIGRAM         

        CLASS   RAM            

        CLASS   BANK0          
                cstackBANK0                          60       60       94         1
                dataBANK0                            FC       FC        3         1
                bssBANK0                             F4       F4        8         1

        CLASS   BANK1          
                cstackBANK1                         168      168       20         1
                bssBANK1                            100      100       68         1

        CLASS   BANK2          

        CLASS   SFR            

        CLASS   BIGSFR         

        CLASS   CONFIG         
                config                           300000   300000        E         4

        CLASS   IDLOC          
                idloc                            200000   200000        8         5

        CLASS   EEDATA         

        CLASS   FARRAM         

        CLASS   HEAP           

        CLASS   STACK          



SEGMENTS        Name                           Load    Length   Top    Selector   Space  Class

                reset_vec                      000000  000004  000004         0       0  CODE    
                cstackCOMRAM                   000001  00005C  00005D         1       1  COMRAM  
                intcode                        000008  003CA9  003CB1         4       0  CODE    
                cstackBANK0                    000060  00009F  0000FF        60       1  BANK0   
                bssBANK1                       000100  000088  000188       100       1  BANK1   
                mediumconst                    003EBC  000144  004000      1F5E       0  MEDIUMCO


UNUSED ADDRESS RANGES

        Name                Unused          Largest block    Delta
        BANK0            0000FF-0000FF                1
        BANK1            000188-0001FF               78
        BANK2            000200-0002FF              100
        BIGRAM           00005D-00005F                3
                         0000FF-0000FF                1
                         000188-0002FF              178
        BIGSFR           000F38-000FFF               C8
        CODE             000004-000007                4
                         003CB1-003EBB              20B
        COMRAM           00005D-00005F                3
        CONST            000004-000007                4
                         003CB1-003EBB              20B
        EEDATA           F00000-F000FF              100
        MEDIUMCONST      003CB1-003EBB              20B
        RAM              0000FF-0000FF                1
                         000188-0002FF               78
        SFR              000F38-000FFF               28
        SMALLCONST       003CB1-003EBB              100

                                  Symbol Table

?_ConvertCtoF                               cstackCOMRAM 000046
?___aodiv                                   cstackCOMRAM 000004
?___aomod                                   cstackCOMRAM 000004
?___awdiv                                   cstackCOMRAM 000004
?___awmod                                   cstackCOMRAM 000004
?___fladd                                   cstackCOMRAM 000036
?___fldiv                                   cstackCOMRAM 00001D
?___flmul                                   cstackCOMRAM 000004
?___flneg                                   cstackCOMRAM 000004
?___flsub                                   cstackCOMRAM 000046
?___fltol                                   cstackCOMRAM 000004
?___fpclassifyf                             cstackCOMRAM 000004
?___lmul                                    cstackCOMRAM 000004
?___lodiv                                   cstackCOMRAM 000004
?___lomod                                   cstackCOMRAM 000004
?___wmul                                    cstackCOMRAM 000004
?___xxtofl                                  cstackCOMRAM 000004
?_abs                                       cstackCOMRAM 000016
?_atoi                                      cstackCOMRAM 00000B
?_ctoa                                      cstackCOMRAM 00000E
?_dtoa                                      cstackCOMRAM 000020
?_efgtoa                                    cstackCOMRAM 00004E
?_floorf                                    cstackCOMRAM 000036
?_isdigit                                   cstackCOMRAM 000004
?_isspace                                   cstackCOMRAM 000004
?_isupper                                   cstackCOMRAM 000004
?_pad                                       cstackCOMRAM 000015
?_printf                                    cstackBANK0  0000C7
?_sensirion_i2c_read_words                  cstackBANK0  0000AA
?_sensirion_i2c_read_words_as_bytes         cstackCOMRAM 000012
?_sht4x_measure                             cstackBANK0  0000DE
?_sht4x_measure_blocking_read               cstackBANK0  0000E0
?_sht4x_probe                               cstackBANK0  0000EF
?_sht4x_read                                cstackBANK0  0000AD
?_sht4x_read_serial                         cstackBANK0  0000DE
?_strlen                                    cstackCOMRAM 000004
?_strncmp                                   cstackCOMRAM 000004
?_tolower                                   cstackCOMRAM 00000A
?_utoa                                      cstackCOMRAM 000020
?_vfpfcnvrt                                 cstackBANK0  000097
?_vfprintf                                  cstackBANK0  0000C2
ConvertCtoF@TempCelsius                     cstackCOMRAM 000046
DelayMs@dummy                               cstackCOMRAM 000008
DelayMs@i                                   cstackCOMRAM 000004
DelayMs@j                                   cstackCOMRAM 000006
DelayUs@i                                   cstackCOMRAM 000004
DelayUs@j                                   cstackCOMRAM 000008
DisableMultiplexer@errors                   cstackCOMRAM 000009
DisableMultiplexer@multiplexerID            cstackCOMRAM 000008
SetMultiplexerChannel@channel               cstackCOMRAM 000008
SetMultiplexerChannel@controlRegister       cstackCOMRAM 00000C
SetMultiplexerChannel@errors                cstackCOMRAM 00000D
SetMultiplexerChannel@multiplexerID         cstackCOMRAM 00000B
_ANSELA                                     (abs)        000F38
_ANSELB                                     (abs)        000F39
_ANSELC                                     (abs)        000F3A
_ANSELD                                     (abs)        000F3B
_ANSELE                                     (abs)        000F3C
_BAUDCON1                                   (abs)        000FB8
_BAUDCON1bits                               (abs)        000FB8
_ConvertCtoF                                text64       003464
_DelayMs                                    text53       0039D2
_DelayUs                                    text4        003ACC
_DisableMultiplexer                         text58       003A06
_GIE                                        (abs)        007F97
_INTCON                                     (abs)        000FF2
_INTCONbits                                 (abs)        000FF2
_InitializeHardware                         text57       0032C6
_InitializeI2Cmaster                        text56       003B78
_LATDbits                                   (abs)        000F8C
_PIE1                                       (abs)        000F9D
_PIE1bits                                   (abs)        000F9D
_PIE2                                       (abs)        000FA0
_PIE3                                       (abs)        000FA3
_PIE3bits                                   (abs)        000FA3
_PIE4                                       (abs)        000F7A
_PIE5                                       (abs)        000F7D
_PIR1bits                                   (abs)        000F9E
_PR2                                        (abs)        000FBB
_RC1REG                                     (abs)        000FAE
_RCREG1                                     (abs)        000FAE
_RCSTA1                                     (abs)        000FAB
_RCSTA1bits                                 (abs)        000FAB
_RxBuffer                                   bssBANK1     000100
_RxBufferFull                               bssCOMRAM    00005B
_SPBRG1                                     (abs)        000FAF
_SSP1ADD                                    (abs)        000FC8
_SSP1BUF                                    (abs)        000FC9
_SSP1CON1                                   (abs)        000FC6
_SSP1CON1bits                               (abs)        000FC6
_SSP1CON2                                   (abs)        000FC5
_SSP1CON2bits                               (abs)        000FC5
_SSP1CON3                                   (abs)        000FCB
_SSP1IF                                     (abs)        007CF3
_SSP1STAT                                   (abs)        000FC7
_SetMultiplexerChannel                      text55       00369A
_T2CKPS0                                    (abs)        007DD0
_T2CKPS1                                    (abs)        007DD1
_T2OUTPS0                                   (abs)        007DD3
_T2OUTPS1                                   (abs)        007DD4
_T2OUTPS2                                   (abs)        007DD5
_T2OUTPS3                                   (abs)        007DD6
_TMR0IE                                     (abs)        007F95
_TMR1IE                                     (abs)        007CE8
_TMR2IE                                     (abs)        007CE9
_TMR2IF                                     (abs)        007CF1
_TMR2ON                                     (abs)        007DD2
_TMR3IE                                     (abs)        007D01
_TMR4IE                                     (abs)        007BE8
_TRISA                                      (abs)        000F92
_TRISB                                      (abs)        000F93
_TRISC                                      (abs)        000F94
_TRISD                                      (abs)        000F95
_TRISE                                      (abs)        000F96
_TXREG1                                     (abs)        000FAD
_TXSTA1                                     (abs)        000FAC
_TXSTA1bits                                 (abs)        000FAC
__HRAM                                      (abs)        000000
__Habs1                                     abs1         000000
__Hbank0                                    bank0        000000
__Hbank1                                    bank1        000000
__Hbank2                                    bank2        000000
__Hbigbss                                   bigbss       000000
__Hbigdata                                  bigdata      000000
__Hbigram                                   bigram       000000
__Hbigsfr                                   bigsfr       000000
__Hbss                                      bss          000000
__HbssBANK0                                 bssBANK0     000000
__HbssBANK1                                 bssBANK1     000000
__HbssCOMRAM                                bssCOMRAM    000000
__Hcinit                                    cinit        000000
__Hclrtext                                  clrtext      000000
__Hcomram                                   comram       000000
__Hconfig                                   config       30000E
__Hconst                                    const        000000
__HcstackBANK0                              cstackBANK0  000000
__HcstackBANK1                              cstackBANK1  000000
__HcstackCOMRAM                             cstackCOMRAM 000000
__Hdata                                     data         000000
__HdataBANK0                                dataBANK0    000000
__Heeprom_data                              eeprom_data  000000
__Hfarbss                                   farbss       000000
__Hfardata                                  fardata      000000
__Hheap                                     heap         000000
__Hibigdata                                 ibigdata     000000
__Hidata                                    idata        000000
__HidataBANK0                               idataBANK0   000000
__Hidloc                                    idloc        200008
__Hifardata                                 ifardata     000000
__Hinit                                     init         0000B8
__Hintcode                                  intcode      0000B4
__Hintcode_body                             intcode_body 000000
__Hintcodelo                                intcodelo    0000B4
__Hintentry                                 intentry     000000
__Hintret                                   intret       000000
__Hintsave_regs                             intsave_regs 000000
__Hirdata                                   irdata       000000
__Hmediumconst                              mediumconst  004000
__HnvFARRAM                                 nvFARRAM     000000
__Hnvbit                                    nvbit        000000
__Hnvrram                                   nvrram       000000
__Hparam                                    rparam       000000
__Hpowerup                                  powerup      0000B4
__Hram                                      ram          000000
__Hramtop                                   ramtop       000300
__Hrbit                                     rbit         000000
__Hrbss                                     rbss         000000
__Hrdata                                    rdata        000000
__Hreset_vec                                reset_vec    000004
__Hrparam                                   rparam       000000
__Hsfr                                      sfr          000000
__Hsmallconst                               smallconst   000000
__Hspace_0                                  (abs)        004000
__Hspace_1                                  (abs)        000188
__Hspace_2                                  (abs)        000000
__Hspace_4                                  (abs)        60000E
__Hstack                                    stack        000000
__Hstruct                                   struct       000000
__Htemp                                     temp         00005D
__Htext                                     text         000000
__Htext0                                    text0        000000
__Htext1                                    text1        000000
__Htext10                                   text10       000000
__Htext11                                   text11       000000
__Htext12                                   text12       000000
__Htext13                                   text13       000000
__Htext14                                   text14       000000
__Htext15                                   text15       000000
__Htext16                                   text16       000000
__Htext17                                   text17       000000
__Htext18                                   text18       000000
__Htext19                                   text19       000000
__Htext2                                    text2        000000
__Htext20                                   text20       000000
__Htext21                                   text21       000000
__Htext22                                   text22       000000
__Htext23                                   text23       000000
__Htext24                                   text24       000000
__Htext25                                   text25       000000
__Htext26                                   text26       000000
__Htext27                                   text27       000000
__Htext28                                   text28       000000
__Htext29                                   text29       000000
__Htext3                                    text3        000000
__Htext30                                   text30       000000
__Htext31                                   text31       000000
__Htext32                                   text32       000000
__Htext33                                   text33       000000
__Htext34                                   text34       000000
__Htext35                                   text35       000000
__Htext36                                   text36       000000
__Htext37                                   text37       000000
__Htext38                                   text38       000000
__Htext39                                   text39       000000
__Htext4                                    text4        000000
__Htext40                                   text40       000000
__Htext41                                   text41       000000
__Htext42                                   text42       000000
__Htext43                                   text43       000000
__Htext44                                   text44       000000
__Htext45                                   text45       000000
__Htext46                                   text46       000000
__Htext47                                   text47       000000
__Htext48                                   text48       000000
__Htext49                                   text49       000000
__Htext5                                    text5        000000
__Htext50                                   text50       000000
__Htext51                                   text51       000000
__Htext52                                   text52       000000
__Htext53                                   text53       000000
__Htext54                                   text54       000000
__Htext55                                   text55       000000
__Htext56                                   text56       000000
__Htext57                                   text57       000000
__Htext58                                   text58       000000
__Htext59                                   text59       000000
__Htext6                                    text6        000000
__Htext60                                   text60       000000
__Htext61                                   text61       000000
__Htext62                                   text62       000000
__Htext63                                   text63       000000
__Htext64                                   text64       000000
__Htext65                                   text65       000000
__Htext66                                   text66       000000
__Htext67                                   text67       000000
__Htext7                                    text7        000000
__Htext8                                    text8        000000
__Htext9                                    text9        000000
__LRAM                                      (abs)        000001
__Labs1                                     abs1         000000
__Lbank0                                    bank0        000000
__Lbank1                                    bank1        000000
__Lbank2                                    bank2        000000
__Lbigbss                                   bigbss       000000
__Lbigdata                                  bigdata      000000
__Lbigram                                   bigram       000000
__Lbigsfr                                   bigsfr       000000
__Lbss                                      bss          000000
__LbssBANK0                                 bssBANK0     000000
__LbssBANK1                                 bssBANK1     000000
__LbssCOMRAM                                bssCOMRAM    000000
__Lcinit                                    cinit        000000
__Lclrtext                                  clrtext      000000
__Lcomram                                   comram       000000
__Lconfig                                   config       000000
__Lconst                                    const        000000
__LcstackBANK0                              cstackBANK0  000000
__LcstackBANK1                              cstackBANK1  000000
__LcstackCOMRAM                             cstackCOMRAM 000000
__Ldata                                     data         000000
__LdataBANK0                                dataBANK0    000000
__Leeprom_data                              eeprom_data  000000
__Lfarbss                                   farbss       000000
__Lfardata                                  fardata      000000
__Lheap                                     heap         000000
__Libigdata                                 ibigdata     000000
__Lidata                                    idata        000000
__LidataBANK0                               idataBANK0   000000
__Lidloc                                    idloc        000000
__Lifardata                                 ifardata     000000
__Linit                                     init         0000B4
__Lintcode                                  intcode      000008
__Lintcode_body                             intcode_body 000000
__Lintcodelo                                intcodelo    0000B4
__Lintentry                                 intentry     000000
__Lintret                                   intret       000000
__Lintsave_regs                             intsave_regs 000000
__Lirdata                                   irdata       000000
__Lmediumconst                              mediumconst  003EBC
__LnvFARRAM                                 nvFARRAM     000000
__Lnvbit                                    nvbit        000000
__Lnvrram                                   nvrram       000000
__Lparam                                    rparam       000000
__Lpowerup                                  powerup      0000B4
__Lram                                      ram          000000
__Lramtop                                   ramtop       000300
__Lrbit                                     rbit         000000
__Lrbss                                     rbss         000000
__Lrdata                                    rdata        000000
__Lreset_vec                                reset_vec    000000
__Lrparam                                   rparam       000000
__Lsfr                                      sfr          000000
__Lsmallconst                               smallconst   000000
__Lspace_0                                  (abs)        000000
__Lspace_1                                  (abs)        000000
__Lspace_2                                  (abs)        000000
__Lspace_4                                  (abs)        000000
__Lstack                                    stack        000000
__Lstruct                                   struct       000000
__Ltemp                                     temp         00005C
__Ltext                                     text         000000
__Ltext0                                    text0        000000
__Ltext1                                    text1        000000
__Ltext10                                   text10       000000
__Ltext11                                   text11       000000
__Ltext12                                   text12       000000
__Ltext13                                   text13       000000
__Ltext14                                   text14       000000
__Ltext15                                   text15       000000
__Ltext16                                   text16       000000
__Ltext17                                   text17       000000
__Ltext18                                   text18       000000
__Ltext19                                   text19       000000
__Ltext2                                    text2        000000
__Ltext20                                   text20       000000
__Ltext21                                   text21       000000
__Ltext22                                   text22       000000
__Ltext23                                   text23       000000
__Ltext24                                   text24       000000
__Ltext25                                   text25       000000
__Ltext26                                   text26       000000
__Ltext27                                   text27       000000
__Ltext28                                   text28       000000
__Ltext29                                   text29       000000
__Ltext3                                    text3        000000
__Ltext30                                   text30       000000
__Ltext31                                   text31       000000
__Ltext32                                   text32       000000
__Ltext33                                   text33       000000
__Ltext34                                   text34       000000
__Ltext35                                   text35       000000
__Ltext36                                   text36       000000
__Ltext37                                   text37       000000
__Ltext38                                   text38       000000
__Ltext39                                   text39       000000
__Ltext4                                    text4        000000
__Ltext40                                   text40       000000
__Ltext41                                   text41       000000
__Ltext42                                   text42       000000
__Ltext43                                   text43       000000
__Ltext44                                   text44       000000
__Ltext45                                   text45       000000
__Ltext46                                   text46       000000
__Ltext47                                   text47       000000
__Ltext48                                   text48       000000
__Ltext49                                   text49       000000
__Ltext5                                    text5        000000
__Ltext50                                   text50       000000
__Ltext51                                   text51       000000
__Ltext52                                   text52       000000
__Ltext53                                   text53       000000
__Ltext54                                   text54       000000
__Ltext55                                   text55       000000
__Ltext56                                   text56       000000
__Ltext57                                   text57       000000
__Ltext58                                   text58       000000
__Ltext59                                   text59       000000
__Ltext6                                    text6        000000
__Ltext60                                   text60       000000
__Ltext61                                   text61       000000
__Ltext62                                   text62       000000
__Ltext63                                   text63       000000
__Ltext64                                   text64       000000
__Ltext65                                   text65       000000
__Ltext66                                   text66       000000
__Ltext67                                   text67       000000
__Ltext7                                    text7        000000
__Ltext8                                    text8        000000
__Ltext9                                    text9        000000
__S0                                        (abs)        004000
__S1                                        (abs)        000188
__S4                                        (abs)        000000
__S5                                        (abs)        000000
___aodiv                                    text45       0024FE
___aodiv@counter                            cstackCOMRAM 000014
___aodiv@dividend                           cstackCOMRAM 000004
___aodiv@divisor                            cstackCOMRAM 00000C
___aodiv@quotient                           cstackCOMRAM 000016
___aodiv@sign                               cstackCOMRAM 000015
___aomod                                    text44       002786
___aomod@counter                            cstackCOMRAM 000014
___aomod@dividend                           cstackCOMRAM 000004
___aomod@divisor                            cstackCOMRAM 00000C
___aomod@sign                               cstackCOMRAM 000015
___awdiv                                    text38       0033E0
___awdiv@counter                            cstackCOMRAM 000008
___awdiv@dividend                           cstackCOMRAM 000004
___awdiv@divisor                            cstackCOMRAM 000006
___awdiv@quotient                           cstackCOMRAM 00000A
___awdiv@sign                               cstackCOMRAM 000009
___awmod                                    text37       003558
___awmod@counter                            cstackCOMRAM 000008
___awmod@dividend                           cstackCOMRAM 000004
___awmod@divisor                            cstackCOMRAM 000006
___awmod@sign                               cstackCOMRAM 000009
___fladd                                    text67       00184E
___fladd@a                                  cstackCOMRAM 00003A
___fladd@aexp                               cstackCOMRAM 000043
___fladd@b                                  cstackCOMRAM 000036
___fladd@bexp                               cstackCOMRAM 000044
___fladd@grs                                cstackCOMRAM 000045
___fladd@signs                              cstackCOMRAM 000042
___fldiv                                    text66       001B5A
___fldiv@a                                  cstackCOMRAM 000021
___fldiv@aexp                               cstackCOMRAM 000035
___fldiv@b                                  cstackCOMRAM 00001D
___fldiv@bexp                               cstackCOMRAM 000034
___fldiv@grs                                cstackCOMRAM 000030
___fldiv@new_exp                            cstackCOMRAM 00002E
___fldiv@rem                                cstackCOMRAM 000029
___fldiv@sign                               cstackCOMRAM 00002D
___fleq                                     text36       003356
___fleq@ff1                                 cstackCOMRAM 000004
___fleq@ff2                                 cstackCOMRAM 000008
___flge                                     text35       002C86
___flge@ff1                                 cstackCOMRAM 00001D
___flge@ff2                                 cstackCOMRAM 000021
___flmul                                    text65       001522
___flmul@a                                  cstackCOMRAM 000008
___flmul@aexp                               cstackCOMRAM 000011
___flmul@b                                  cstackCOMRAM 000004
___flmul@bexp                               cstackCOMRAM 000012
___flmul@grs                                cstackCOMRAM 000013
___flmul@prod                               cstackCOMRAM 000017
___flmul@sign                               cstackCOMRAM 000010
___flmul@temp                               cstackCOMRAM 00001B
___flneg                                    text34       003AFA
___flneg@f1                                 cstackCOMRAM 000004
___flsub                                    text33       0038DC
___flsub@a                                  cstackCOMRAM 00004A
___flsub@b                                  cstackCOMRAM 000046
___fltol                                    text32       002EF0
___fltol@exp1                               cstackCOMRAM 00000D
___fltol@f1                                 cstackCOMRAM 000004
___fltol@sign1                              cstackCOMRAM 00000C
___fpclassifyf                              text31       002E24
___fpclassifyf@F465                         bssBANK1     000114
___fpclassifyf@e                            cstackCOMRAM 00000C
___fpclassifyf@u                            cstackCOMRAM 00000E
___fpclassifyf@x                            cstackCOMRAM 000004
___heap_hi                                  (abs)        000000
___heap_lo                                  (abs)        000000
___inthi_sp                                 stack        000000
___intlo_sp                                 stack        000000
___lmul                                     text15       003754
___lmul@multiplicand                        cstackCOMRAM 000008
___lmul@multiplier                          cstackCOMRAM 000004
___lmul@product                             cstackCOMRAM 00000C
___lodiv                                    text24       002D56
___lodiv@counter                            cstackCOMRAM 00001C
___lodiv@dividend                           cstackCOMRAM 000004
___lodiv@divisor                            cstackCOMRAM 00000C
___lodiv@quotient                           cstackCOMRAM 000014
___lomod                                    text23       002FAA
___lomod@counter                            cstackCOMRAM 000014
___lomod@dividend                           cstackCOMRAM 000004
___lomod@divisor                            cstackCOMRAM 00000C
___param_bank                               (abs)        000000
___rparam_used                              (abs)        000001
___sp                                       stack        000000
___wmul                                     text52       003B52
___wmul@multiplicand                        cstackCOMRAM 000006
___wmul@multiplier                          cstackCOMRAM 000004
___wmul@product                             cstackCOMRAM 000008
___xxtofl                                   text54       002646
___xxtofl@arg                               cstackCOMRAM 00000E
___xxtofl@exp                               cstackCOMRAM 00000D
___xxtofl@sign                              cstackCOMRAM 00000C
___xxtofl@val                               cstackCOMRAM 000004
__accesstop                                 (abs)        000060
__activetblptr                              (abs)        000002
__end_of_ConvertCtoF                        text64       0034E2
__end_of_DelayMs                            text53       003A06
__end_of_DelayUs                            text4        003AFA
__end_of_DisableMultiplexer                 text58       003A3A
__end_of_InitializeHardware                 text57       003356
__end_of_InitializeI2Cmaster                text56       003B9E
__end_of_SetMultiplexerChannel              text55       0036F8
__end_of___aodiv                            text45       002646
__end_of___aomod                            text44       0028AA
__end_of___awdiv                            text38       003464
__end_of___awmod                            text37       0035C8
__end_of___fladd                            text67       001B5A
__end_of___fldiv                            text66       001DE2
__end_of___fleq                             text36       0033E0
__end_of___flge                             text35       002D56
__end_of___flmul                            text65       00184E
__end_of___flneg                            text34       003B28
__end_of___flsub                            text33       003922
__end_of___fltol                            text32       002FAA
__end_of___fpclassifyf                      text31       002EF0
__end_of___lmul                             text15       0037AA
__end_of___lodiv                            text24       002E24
__end_of___lomod                            text23       003058
__end_of___wmul                             text52       003B78
__end_of___xxtofl                           text54       002786
__end_of__initialization                    cinit        003884
__end_of_abs                                text43       003A6C
__end_of_atoi                               text49       0029C2
__end_of_ctoa                               text46       00319A
__end_of_dtoa                               text39       002024
__end_of_efgtoa                             text26       000ADE
__end_of_floorf                             text30       00237A
__end_of_fputc                              text47       003634
__end_of_fputs                              text42       0039D2
__end_of_i2c_GetAcknowledge                 text63       003C9A
__end_of_i2c_ReadByte                       text12       003C74
__end_of_i2c_SendAcknowledge                text11       003C50
__end_of_i2c_SendByte                       text62       003C82
__end_of_i2c_SendControlByte                text61       003C64
__end_of_i2c_SlaveRead                      text10       003754
__end_of_i2c_SlaveWrite                     text18       003558
__end_of_i2c_Start                          text60       003CAE
__end_of_i2c_Stop                           text59       003CA4
__end_of_isdigit                            text51       003ACC
__end_of_isr                                intcode      0000B4
__end_of_isspace                            text50       003960
__end_of_isupper                            text28       003A9C
__end_of_main                               text0        001522
__end_of_pad                                text40       0032C6
__end_of_printf                             text19       003BDA
__end_of_putch                              text48       003C8E
__end_of_sensirion_common_check_crc         text13       003BBC
__end_of_sensirion_common_generate_crc      text14       0038DC
__end_of_sensirion_i2c_read                 text9        003C3A
__end_of_sensirion_i2c_read_words           text7        003230
__end_of_sensirion_i2c_read_words_as_bytes  text8        002BA0
__end_of_sensirion_i2c_write                text17       003C0E
__end_of_sensirion_sleep_usec               text3        003C24
__end_of_sht4x_measure                      text16       003BF6
__end_of_sht4x_measure_blocking_read        text5        0024FE
__end_of_sht4x_probe                        text1        00369A
__end_of_sht4x_read                         text6        002AB6
__end_of_sht4x_read_serial                  text2        003100
__end_of_strcpy                             text29       0037FC
__end_of_strlen                             text41       003B52
__end_of_strncmp                            text25       002C86
__end_of_tolower                            text27       00399A
__end_of_utoa                               text22       0021D2
__end_of_vfpfcnvrt                          text21       0011E2
__end_of_vfprintf                           text20       003848
__initialization                            cinit        003848
__mediumconst                               mediumconst  003EBC
__pbssBANK0                                 bssBANK0     0000F4
__pbssBANK1                                 bssBANK1     000100
__pbssCOMRAM                                bssCOMRAM    000059
__pcinit                                    cinit        003848
__pcstackBANK0                              cstackBANK0  000060
__pcstackBANK1                              cstackBANK1  000168
__pcstackCOMRAM                             cstackCOMRAM 000001
__pdataBANK0                                dataBANK0    0000FC
__pidataBANK0                               idataBANK0   003CAE
__pintcode                                  intcode      000008
__pmediumconst                              mediumconst  003EBC
__ptext0                                    text0        0011E2
__ptext1                                    text1        003634
__ptext10                                   text10       0036F8
__ptext11                                   text11       003C3A
__ptext12                                   text12       003C64
__ptext13                                   text13       003B9E
__ptext14                                   text14       003892
__ptext15                                   text15       003754
__ptext16                                   text16       003BDA
__ptext17                                   text17       003BF6
__ptext18                                   text18       0034E2
__ptext19                                   text19       003BBC
__ptext2                                    text2        003058
__ptext20                                   text20       0037FC
__ptext21                                   text21       000ADE
__ptext22                                   text22       002024
__ptext23                                   text23       002FAA
__ptext24                                   text24       002D56
__ptext25                                   text25       002BA0
__ptext26                                   text26       0000B8
__ptext27                                   text27       003960
__ptext28                                   text28       003A6C
__ptext29                                   text29       0037AA
__ptext3                                    text3        003C0E
__ptext30                                   text30       0021D2
__ptext31                                   text31       002E24
__ptext32                                   text32       002EF0
__ptext33                                   text33       0038DC
__ptext34                                   text34       003AFA
__ptext35                                   text35       002C86
__ptext36                                   text36       003356
__ptext37                                   text37       003558
__ptext38                                   text38       0033E0
__ptext39                                   text39       001DE2
__ptext4                                    text4        003ACC
__ptext40                                   text40       003230
__ptext41                                   text41       003B28
__ptext42                                   text42       00399A
__ptext43                                   text43       003A3A
__ptext44                                   text44       002786
__ptext45                                   text45       0024FE
__ptext46                                   text46       003100
__ptext47                                   text47       0035C8
__ptext48                                   text48       003C82
__ptext49                                   text49       0028AA
__ptext5                                    text5        00237A
__ptext50                                   text50       003922
__ptext51                                   text51       003A9C
__ptext52                                   text52       003B52
__ptext53                                   text53       0039D2
__ptext54                                   text54       002646
__ptext55                                   text55       00369A
__ptext56                                   text56       003B78
__ptext57                                   text57       0032C6
__ptext58                                   text58       003A06
__ptext59                                   text59       003C9A
__ptext6                                    text6        0029C2
__ptext60                                   text60       003CA4
__ptext61                                   text61       003C50
__ptext62                                   text62       003C74
__ptext63                                   text63       003C8E
__ptext64                                   text64       003464
__ptext65                                   text65       001522
__ptext66                                   text66       001B5A
__ptext67                                   text67       00184E
__ptext7                                    text7        00319A
__ptext8                                    text8        002AB6
__ptext9                                    text9        003C24
__ramtop                                    ramtop       000300
__smallconst                                smallconst   000000
_abs                                        text43       003A3A
_atoi                                       text49       0028AA
_ctoa                                       text46       003100
_dbuf                                       bssBANK1     000118
_dtoa                                       text39       001DE2
_dtoa$1596                                  cstackCOMRAM 000032
_efgtoa                                     text26       0000B8
_efgtoa$1620                                cstackBANK0  000065
_efgtoa$1627                                cstackBANK0  000067
_efgtoa$1628                                cstackBANK0  000069
_flags                                      bssCOMRAM    000059
_floorf                                     text30       0021D2
_fputc                                      text47       0035C8
_fputs                                      text42       00399A
_i2c_GetAcknowledge                         text63       003C8E
_i2c_ReadByte                               text12       003C64
_i2c_SendAcknowledge                        text11       003C3A
_i2c_SendByte                               text62       003C74
_i2c_SendControlByte                        text61       003C50
_i2c_SlaveRead                              text10       0036F8
_i2c_SlaveWrite                             text18       0034E2
_i2c_Start                                  text60       003CA4
_i2c_Stop                                   text59       003C9A
_isdigit                                    text51       003A9C
_isr                                        intcode      000008
_isspace                                    text50       003922
_isspace$1732                               cstackCOMRAM 00000A
_isupper                                    text28       003A6C
_main                                       text0        0011E2
_nout                                       bssBANK0     0000F4
_pad                                        text40       003230
_prec                                       bssBANK0     0000F8
_printf                                     text19       003BBC
_putch                                      text48       003C82
_sensirion_common_check_crc                 text13       003B9E
_sensirion_common_generate_crc              text14       003892
_sensirion_i2c_read                         text9        003C24
_sensirion_i2c_read_words                   text7        00319A
_sensirion_i2c_read_words_as_bytes          text8        002AB6
_sensirion_i2c_write                        text17       003BF6
_sensirion_sleep_usec                       text3        003C0E
_sht4x_cmd_measure                          dataBANK0    0000FE
_sht4x_measure                              text16       003BDA
_sht4x_measure_blocking_read                text5        00237A
_sht4x_probe                                text1        003634
_sht4x_read                                 text6        0029C2
_sht4x_read_serial                          text2        003058
_strcpy                                     text29       0037AA
_strlen                                     text41       003B28
_strncmp                                    text25       002BA0
_tolower                                    text27       003960
_utoa                                       text22       002024
_vfpfcnvrt                                  text21       000ADE
_vfprintf                                   text20       0037FC
_width                                      bssBANK0     0000F6
abs@a                                       cstackCOMRAM 000016
atoi@n                                      cstackCOMRAM 000013
atoi@neg                                    cstackCOMRAM 000011
atoi@s                                      cstackCOMRAM 00000B
btemp                                       temp         00005C
ctoa@c                                      cstackCOMRAM 000010
ctoa@fp                                     cstackCOMRAM 00000E
ctoa@l                                      cstackCOMRAM 000012
ctoa@w                                      cstackCOMRAM 000014
dtoa@d                                      cstackCOMRAM 000022
dtoa@fp                                     cstackCOMRAM 000020
dtoa@i                                      cstackCOMRAM 000042
dtoa@n                                      cstackCOMRAM 00003A
dtoa@p                                      cstackCOMRAM 000034
dtoa@s                                      cstackCOMRAM 000038
dtoa@w                                      cstackCOMRAM 000036
efgtoa@c                                    cstackCOMRAM 000054
efgtoa@d                                    cstackBANK0  000077
efgtoa@e                                    cstackBANK0  00008F
efgtoa@f                                    cstackCOMRAM 000050
efgtoa@fp                                   cstackCOMRAM 00004E
efgtoa@g                                    cstackBANK0  00008B
efgtoa@h                                    cstackBANK0  000081
efgtoa@i                                    cstackBANK0  000089
efgtoa@l                                    cstackBANK0  000085
efgtoa@m                                    cstackBANK0  000071
efgtoa@mode                                 cstackBANK0  000080
efgtoa@n                                    cstackBANK0  000091
efgtoa@ne                                   cstackBANK0  00006F
efgtoa@nmode                                cstackBANK0  00007F
efgtoa@ou                                   cstackBANK0  000073
efgtoa@p                                    cstackBANK0  00007B
efgtoa@pp                                   cstackBANK0  00006D
efgtoa@sign                                 cstackBANK0  000079
efgtoa@t                                    cstackBANK0  00006B
efgtoa@u                                    cstackBANK0  000093
efgtoa@w                                    cstackBANK0  00007D
end_of_initialization                       cinit        003884
floorf@F526                                 bssBANK1     000110
floorf@e                                    cstackCOMRAM 000044
floorf@m                                    cstackCOMRAM 000040
floorf@u                                    cstackCOMRAM 000046
floorf@x                                    cstackCOMRAM 000036
fputc@c                                     cstackCOMRAM 000005
fputc@fp                                    cstackCOMRAM 000007
fputs@c                                     cstackCOMRAM 000012
fputs@fp                                    cstackCOMRAM 000010
fputs@i                                     cstackCOMRAM 000013
fputs@s                                     cstackCOMRAM 00000E
i2c_GetAcknowledge@ack                      cstackCOMRAM 000004
i2c_ReadByte@byte                           cstackCOMRAM 000004
i2c_SendAcknowledge@status                  cstackCOMRAM 000004
i2c_SendByte@byte                           cstackCOMRAM 000004
i2c_SendControlByte@controlByte             cstackCOMRAM 000006
i2c_SendControlByte@direction               cstackCOMRAM 000005
i2c_SendControlByte@outByte                 cstackCOMRAM 000007
i2c_SlaveRead@device                        cstackCOMRAM 00000A
i2c_SlaveRead@errors                        cstackCOMRAM 00000C
i2c_SlaveRead@i                             cstackCOMRAM 00000B
i2c_SlaveRead@numBytes                      cstackCOMRAM 000008
i2c_SlaveRead@ptrDataIn                     cstackCOMRAM 000009
i2c_SlaveWrite@dataByte                     cstackBANK0  0000D6
i2c_SlaveWrite@device                       cstackBANK0  0000D5
i2c_SlaveWrite@errors                       cstackBANK0  0000D8
i2c_SlaveWrite@i                            cstackBANK0  0000D7
i2c_SlaveWrite@numBytes                     cstackBANK0  0000D3
i2c_SlaveWrite@ptrDataOut                   cstackBANK0  0000D4
int$flags                                   temp         00005C
intlevel0                                   text         000000
intlevel1                                   text         000000
intlevel2                                   text         000000
intlevel3                                   text         000000
isa$std                                     (abs)        000001
isa$xinst                                   (abs)        000000
isdigit@c                                   cstackCOMRAM 000004
isr@RxIndex                                 bssBANK0     0000FA
isr@ch                                      cstackCOMRAM 000003
isspace@c                                   cstackCOMRAM 000004
isupper@c                                   cstackCOMRAM 000004
main@channel                                cstackBANK1  000182
main@errors                                 cstackBANK1  000186
main@floRH                                  cstackBANK1  00017A
main@floTempC                               cstackBANK1  000176
main@floTempF                               cstackBANK1  00016E
main@i                                      cstackBANK1  000184
main@multiplexerID                          cstackBANK1  000183
main@sensorNumber                           cstackBANK1  000185
main@sensorSerialNumber                     cstackBANK1  00017E
main@trial                                  cstackBANK1  000172
pad@buf                                     cstackCOMRAM 000017
pad@fp                                      cstackCOMRAM 000015
pad@i                                       cstackCOMRAM 00001C
pad@p                                       cstackCOMRAM 000019
pad@w                                       cstackCOMRAM 00001E
printf@ap                                   cstackCOMRAM 000057
printf@fmt                                  cstackBANK0  0000C7
putch@ch                                    cstackCOMRAM 000004
sensirion_common_check_crc@checksum         cstackCOMRAM 00000E
sensirion_common_check_crc@count            cstackCOMRAM 00000C
sensirion_common_check_crc@data             cstackCOMRAM 00000B
sensirion_common_generate_crc@count         cstackCOMRAM 000005
sensirion_common_generate_crc@crc           cstackCOMRAM 00000A
sensirion_common_generate_crc@crc_bit       cstackCOMRAM 000009
sensirion_common_generate_crc@current_byte  cstackCOMRAM 000007
sensirion_common_generate_crc@data          cstackCOMRAM 000004
sensirion_i2c_read@address                  cstackCOMRAM 000010
sensirion_i2c_read@count                    cstackCOMRAM 00000E
sensirion_i2c_read@data                     cstackCOMRAM 00000D
sensirion_i2c_read@errors                   cstackCOMRAM 000011
sensirion_i2c_read_words@address            cstackCOMRAM 000019
sensirion_i2c_read_words@data_words         cstackBANK0  0000AA
sensirion_i2c_read_words@errors             cstackCOMRAM 00001A
sensirion_i2c_read_words@i                  cstackCOMRAM 00001D
sensirion_i2c_read_words@num_words          cstackBANK0  0000AB
sensirion_i2c_read_words@word_bytes         cstackCOMRAM 00001C
sensirion_i2c_read_words_as_bytes@address   cstackBANK0  0000A0
sensirion_i2c_read_words_as_bytes@buf8      cstackBANK0  0000A7
sensirion_i2c_read_words_as_bytes@data      cstackCOMRAM 000012
sensirion_i2c_read_words_as_bytes@errors    cstackBANK0  0000A5
sensirion_i2c_read_words_as_bytes@i         cstackBANK0  0000A8
sensirion_i2c_read_words_as_bytes@j         cstackBANK0  0000A3
sensirion_i2c_read_words_as_bytes@num_words cstackCOMRAM 000013
sensirion_i2c_read_words_as_bytes@size      cstackBANK0  0000A1
sensirion_i2c_read_words_as_bytes@word_buf  cstackBANK0  000060
sensirion_i2c_write@address                 cstackBANK0  0000DC
sensirion_i2c_write@count                   cstackBANK0  0000DA
sensirion_i2c_write@data                    cstackBANK0  0000D9
sensirion_i2c_write@errors                  cstackBANK0  0000DD
sensirion_sleep_usec@useconds               cstackCOMRAM 00000C
sht4x_measure_blocking_read@errors          cstackBANK0  0000F2
sht4x_measure_blocking_read@floHumidity     cstackBANK0  0000E2
sht4x_measure_blocking_read@floTemperature  cstackBANK0  0000E0
sht4x_measure_blocking_read@humidity        cstackBANK0  0000EA
sht4x_measure_blocking_read@retries         cstackBANK0  0000E4
sht4x_measure_blocking_read@temp            cstackBANK0  0000EE
sht4x_measure_blocking_read@temperature     cstackBANK0  0000E6
sht4x_probe@errors                          cstackBANK1  000168
sht4x_probe@sensorSerialNumber              cstackBANK1  00016A
sht4x_probe@serial                          cstackBANK0  0000EF
sht4x_read@errors                           cstackCOMRAM 000023
sht4x_read@humidity                         cstackBANK0  0000AE
sht4x_read@temperature                      cstackBANK0  0000AD
sht4x_read@words                            cstackCOMRAM 000025
sht4x_read_serial@cmd                       cstackBANK0  0000E8
sht4x_read_serial@errors                    cstackBANK0  0000ED
sht4x_read_serial@serial                    cstackBANK0  0000DE
sht4x_read_serial@serial_words              cstackBANK0  0000E9
stackhi                                     (abs)        000000
stacklo                                     (abs)        000000
start                                       init         0000B4
start_initialization                        cinit        003848
strcpy@d                                    cstackCOMRAM 00000C
strcpy@dest                                 cstackCOMRAM 000004
strcpy@s                                    cstackCOMRAM 00000A
strcpy@src                                  cstackCOMRAM 000006
strlen@a                                    cstackCOMRAM 000006
strlen@s                                    cstackCOMRAM 000004
strncmp@_l                                  cstackCOMRAM 000004
strncmp@_r                                  cstackCOMRAM 000006
strncmp@l                                   cstackCOMRAM 00000B
strncmp@n                                   cstackCOMRAM 000008
strncmp@r                                   cstackCOMRAM 00000D
tolower@c                                   cstackCOMRAM 00000A
ttemp5                                      temp         00005D
ttemp6                                      temp         000060
ttemp7                                      temp         000064
utoa@d                                      cstackCOMRAM 000022
utoa@fp                                     cstackCOMRAM 000020
utoa@i                                      cstackCOMRAM 00003E
utoa@n                                      cstackCOMRAM 000036
utoa@p                                      cstackCOMRAM 000032
utoa@w                                      cstackCOMRAM 000034
vfpfcnvrt@ap                                cstackBANK0  00009A
vfpfcnvrt@c                                 cstackBANK0  0000C1
vfpfcnvrt@ct                                cstackBANK0  0000BE
vfpfcnvrt@done                              cstackBANK0  0000A8
vfpfcnvrt@f                                 cstackBANK0  0000BA
vfpfcnvrt@fmt                               cstackBANK0  000099
vfpfcnvrt@fp                                cstackBANK0  000097
vfpfcnvrt@ll                                cstackBANK0  0000AA
vfpfcnvrt@llu                               cstackBANK0  0000B2
vfprintf@ap                                 cstackBANK0  0000C6
vfprintf@cfmt                               cstackCOMRAM 000055
vfprintf@fmt                                cstackBANK0  0000C4
vfprintf@fp                                 cstackBANK0  0000C2
wtemp8                                      temp         00005D


MODULE INFORMATION

Module		Function		Class		Link	Load	Size
../main.c
		_main          		CODE           	11E2	0000	832
		_ConvertCtoF   		CODE           	3464	0000	126

../main.c estimated size: 958

C:\Program Files\Microchip\xc8\v2.36\pic\sources\c99\common\lomod.c
		___lomod       		CODE           	2FAA	0000	174

C:\Program Files\Microchip\xc8\v2.36\pic\sources\c99\common\lomod.c estimated size: 174

C:\Program Files\Microchip\xc8\v2.36\pic\sources\c99\common\nf_fputs.c
		_fputs         		CODE           	399A	0000	56

C:\Program Files\Microchip\xc8\v2.36\pic\sources\c99\common\nf_fputs.c estimated size: 56

C:\Program Files\Microchip\xc8\v2.36\pic\sources\c99\common\printf.c
		_printf        		CODE           	3BBC	0000	30

C:\Program Files\Microchip\xc8\v2.36\pic\sources\c99\common\printf.c estimated size: 30

C:\Program Files\Microchip\xc8\v2.36\pic\sources\c99\common\aomod.c
		___aomod       		CODE           	2786	0000	292

C:\Program Files\Microchip\xc8\v2.36\pic\sources\c99\common\aomod.c estimated size: 292

../Interrupt.c
		_isr           		CODE           	0008	0000	172

../Interrupt.c estimated size: 172

C:\Program Files\Microchip\xc8\v2.36\pic\sources\c99\common\strncmp.c
		_strncmp       		CODE           	2BA0	0000	230

C:\Program Files\Microchip\xc8\v2.36\pic\sources\c99\common\strncmp.c estimated size: 230

C:\Program Files\Microchip\xc8\v2.36\pic\sources\c99\common\tolower.c
		_tolower       		CODE           	3960	0000	58

C:\Program Files\Microchip\xc8\v2.36\pic\sources\c99\common\tolower.c estimated size: 58

../sht4x.c
		_sht4x_measure_blocking_read		CODE           	237A	0000	388
		_sht4x_probe   		CODE           	3634	0000	102
		_sht4x_measure 		CODE           	3BDA	0000	28
		_sht4x_read    		CODE           	29C2	0000	244
		_sht4x_read_serial		CODE           	3058	0000	168

../sht4x.c estimated size: 930

C:\Program Files\Microchip\xc8\v2.36\pic\sources\c99\common\__fpclassifyf.c
		___fpclassifyf 		CODE           	2E24	0000	204

C:\Program Files\Microchip\xc8\v2.36\pic\sources\c99\common\__fpclassifyf.c estimated size: 204

C:\Program Files\Microchip\xc8\v2.36\pic\sources\c99\common\sprcmul.c
		___flmul       		CODE           	1522	0000	812

C:\Program Files\Microchip\xc8\v2.36\pic\sources\c99\common\sprcmul.c estimated size: 812

C:\Program Files\Microchip\xc8\v2.36\pic\sources\c99\common\floorf.c
		_floorf        		CODE           	21D2	0000	424

C:\Program Files\Microchip\xc8\v2.36\pic\sources\c99\common\floorf.c estimated size: 424

C:\Program Files\Microchip\xc8\v2.36\pic\sources\c99\common\sprcdiv.c
		___fldiv       		CODE           	1B5A	0000	648

C:\Program Files\Microchip\xc8\v2.36\pic\sources\c99\common\sprcdiv.c estimated size: 648

C:\Program Files\Microchip\xc8\v2.36\pic\sources\c99\common\atoi.c
		_atoi          		CODE           	28AA	0000	280

C:\Program Files\Microchip\xc8\v2.36\pic\sources\c99\common\atoi.c estimated size: 280

C:\Program Files\Microchip\xc8\v2.36\pic\sources\c99\common\fleq.c
		___fleq        		CODE           	3356	0000	138

C:\Program Files\Microchip\xc8\v2.36\pic\sources\c99\common\fleq.c estimated size: 138

C:\Program Files\Microchip\xc8\v2.36\pic\sources\c99\common\Umul32.c
		___lmul        		CODE           	3754	0000	86

C:\Program Files\Microchip\xc8\v2.36\pic\sources\c99\common\Umul32.c estimated size: 86

C:\Program Files\Microchip\xc8\v2.36\pic\sources\c99\common\awmod.c
		___awmod       		CODE           	3558	0000	112

C:\Program Files\Microchip\xc8\v2.36\pic\sources\c99\common\awmod.c estimated size: 112

C:\Program Files\Microchip\xc8\v2.36\pic\sources\c99\common\isspace.c
		_isspace       		CODE           	3922	0000	62

C:\Program Files\Microchip\xc8\v2.36\pic\sources\c99\common\isspace.c estimated size: 62

../DELAY18.c
		_DelayUs       		CODE           	3ACC	0000	46
		_DelayMs       		CODE           	39D2	0000	52

../DELAY18.c estimated size: 98

C:\Program Files\Microchip\xc8\v2.36\pic\sources\c99\common\xxtofl.c
		___xxtofl      		CODE           	2646	0000	320

C:\Program Files\Microchip\xc8\v2.36\pic\sources\c99\common\xxtofl.c estimated size: 320

C:\Program Files\Microchip\xc8\v2.36\pic\sources\c99\common\strlen.c
		_strlen        		CODE           	3B28	0000	42

C:\Program Files\Microchip\xc8\v2.36\pic\sources\c99\common\strlen.c estimated size: 42

../sensirion_common.c
		_sensirion_sleep_usec		CODE           	3C0E	0000	22
		_sensirion_common_generate_crc		CODE           	3892	0000	74
		_sensirion_common_check_crc		CODE           	3B9E	0000	30
		_sensirion_i2c_read_words		CODE           	319A	0000	150
		_sensirion_i2c_read_words_as_bytes		CODE           	2AB6	0000	234
		_sensirion_i2c_write		CODE           	3BF6	0000	24
		_sensirion_i2c_read		CODE           	3C24	0000	22

../sensirion_common.c estimated size: 556

C:\Program Files\Microchip\xc8\v2.36\pic\sources\c99\common\lodiv.c
		___lodiv       		CODE           	2D56	0000	206

C:\Program Files\Microchip\xc8\v2.36\pic\sources\c99\common\lodiv.c estimated size: 206

C:\Program Files\Microchip\xc8\v2.36\pic\sources\c99\common\strcpy.c
		_strcpy        		CODE           	37AA	0000	82

C:\Program Files\Microchip\xc8\v2.36\pic\sources\c99\common\strcpy.c estimated size: 82

C:\Program Files\Microchip\xc8\v2.36\pic\sources\c99\common\aodiv.c
		___aodiv       		CODE           	24FE	0000	328

C:\Program Files\Microchip\xc8\v2.36\pic\sources\c99\common\aodiv.c estimated size: 328

C:\Program Files\Microchip\xc8\v2.36\pic\sources\c99\common\nf_fputc.c
		_fputc         		CODE           	35C8	0000	108

C:\Program Files\Microchip\xc8\v2.36\pic\sources\c99\common\nf_fputc.c estimated size: 108

C:\Program Files\Microchip\xc8\v2.36\pic\sources\c99\common\isdigit.c
		_isdigit       		CODE           	3A9C	0000	48

C:\Program Files\Microchip\xc8\v2.36\pic\sources\c99\common\isdigit.c estimated size: 48

C:\Program Files\Microchip\xc8\v2.36\pic\sources\c99\common\sprcadd.c
		___flsub       		CODE           	38DC	0000	70
		___fladd       		CODE           	184E	0000	780

C:\Program Files\Microchip\xc8\v2.36\pic\sources\c99\common\sprcadd.c estimated size: 850

../MASTER_I2C.c
		_i2c_SlaveWrite		CODE           	34E2	0000	118
		_i2c_SendAcknowledge		CODE           	3C3A	0000	22
		_i2c_Stop      		CODE           	3C9A	0000	10
		_i2c_ReadByte  		CODE           	3C64	0000	16
		_i2c_SendByte  		CODE           	3C74	0000	14
		_i2c_SendControlByte		CODE           	3C50	0000	20
		_i2c_Start     		CODE           	3CA4	0000	10
		_i2c_GetAcknowledge		CODE           	3C8E	0000	12
		_InitializeI2Cmaster		CODE           	3B78	0000	38
		_i2c_SlaveRead 		CODE           	36F8	0000	92

../MASTER_I2C.c estimated size: 352

../MiscFunctions.c
		_putch         		CODE           	3C82	0000	12
		_InitializeHardware		CODE           	32C6	0000	144

../MiscFunctions.c estimated size: 156

C:\Program Files\Microchip\xc8\v2.36\pic\sources\c99\common\awdiv.c
		___awdiv       		CODE           	33E0	0000	132

C:\Program Files\Microchip\xc8\v2.36\pic\sources\c99\common\awdiv.c estimated size: 132

C:\Program Files\Microchip\xc8\v2.36\pic\sources\c99\common\doprnt.c
		_vfpfcnvrt     		CODE           	0ADE	0000	1796
		_efgtoa        		CODE           	00B8	0000	2598
		_pad           		CODE           	3230	0000	150
		_ctoa          		CODE           	3100	0000	154
		_dtoa          		CODE           	1DE2	0000	578
		_vfprintf      		CODE           	37FC	0000	76
		_utoa          		CODE           	2024	0000	430

C:\Program Files\Microchip\xc8\v2.36\pic\sources\c99\common\doprnt.c estimated size: 5782

C:\Program Files\Microchip\xc8\v2.36\pic\sources\c99\common\fltol.c
		___fltol       		CODE           	2EF0	0000	186

C:\Program Files\Microchip\xc8\v2.36\pic\sources\c99\common\fltol.c estimated size: 186

shared
		__initialization		CODE           	3848	0000	60

shared estimated size: 60

C:\Program Files\Microchip\xc8\v2.36\pic\sources\c99\common\abs.c
		_abs           		CODE           	3A3A	0000	50

C:\Program Files\Microchip\xc8\v2.36\pic\sources\c99\common\abs.c estimated size: 50

C:\Program Files\Microchip\xc8\v2.36\pic\sources\c99\common\flge.c
		___flge        		CODE           	2C86	0000	208

C:\Program Files\Microchip\xc8\v2.36\pic\sources\c99\common\flge.c estimated size: 208

C:\Program Files\Microchip\xc8\v2.36\pic\sources\c99\common\Umul16.c
		___wmul        		CODE           	3B52	0000	38

C:\Program Files\Microchip\xc8\v2.36\pic\sources\c99\common\Umul16.c estimated size: 38

../TCA9548_MPX.c
		_SetMultiplexerChannel		CODE           	369A	0000	94
		_DisableMultiplexer		CODE           	3A06	0000	52

../TCA9548_MPX.c estimated size: 146

C:\Program Files\Microchip\xc8\v2.36\pic\sources\c99\common\flneg.c
		___flneg       		CODE           	3AFA	0000	46

C:\Program Files\Microchip\xc8\v2.36\pic\sources\c99\common\flneg.c estimated size: 46

C:\Program Files\Microchip\xc8\v2.36\pic\sources\c99\common\isupper.c
		_isupper       		CODE           	3A6C	0000	48

C:\Program Files\Microchip\xc8\v2.36\pic\sources\c99\common\isupper.c estimated size: 48

